**********************
Windows PowerShell 脚本开始
开始时间: 20260926004702
用户名: mtianyang_pc\autotest
RunAs 用户: mtianyang_pc\autotest
配置名称: 
计算机: MTIANYANG_PC (Microsoft Windows NT 10.0.26200.0)
主机应用程序: C:\Windows\System32\WindowsPowerShell\v1.0\powershell.exe -NoProfile -ExecutionPolicy Bypass -File C:\Users\autotest\AppData\Local\ElectronBench\runs\20260925-212448-6a99b2\runner\control.ps1 -Action Run
进程 ID: 16940
PSVersion: 5.1.26100.9444
PSEdition: Desktop
PSCompatibleVersions: 1.0, 2.0, 3.0, 4.0, 5.0, 5.1.26100.9444
BuildVersion: 10.0.26100.9444
CLRVersion: 4.0.30319.42000
WSManStackVersion: 3.0
PSRemotingProtocolVersion: 2.3
SerializationVersion: 1.1.0.1
**********************
等待系统空闲：cold-019-ssd-C / Waiting for idle: cold-019-ssd-C
正在测量：cold-019-ssd-C / Measuring: cold-019-ssd-C
{"variant":"C","valid":true,"parentAppReadyMs":235.02399999999034,"parentVideoMs":600.6450500000064}


即将重启，登录后自动续跑 / Restarting; measurement resumes after login.

